../freemaster/drivers/freemaster_serial_lpuart.c:98:19:_FMSTR_SerialLpuartInit	0	static
../freemaster/drivers/freemaster_serial_lpuart.c:122:13:_FMSTR_SerialLpuartEnableTransmit	0	static
../freemaster/drivers/freemaster_serial_lpuart.c:147:13:_FMSTR_SerialLpuartEnableReceive	0	static
../freemaster/drivers/freemaster_serial_lpuart.c:262:13:_FMSTR_SerialLpuartPutChar	0	static
../freemaster/drivers/freemaster_serial_lpuart.c:272:19:_FMSTR_SerialLpuartGetChar	0	static
../freemaster/drivers/freemaster_serial_lpuart.c:282:13:_FMSTR_SerialLpuartFlush	0	static
../freemaster/drivers/freemaster_serial_lpuart.c:249:19:_FMSTR_SerialLpuartIsTransmitterActive	8	static
../freemaster/drivers/freemaster_serial_lpuart.c:219:19:_FMSTR_SerialLpuartIsTransmitRegEmpty	8	static
../freemaster/drivers/freemaster_serial_lpuart.c:232:19:_FMSTR_SerialLpuartIsReceiveRegFull	8	static
../freemaster/drivers/freemaster_serial_lpuart.c:201:13:_FMSTR_SerialLpuartEnableReceiveInterrupt	8	static
../freemaster/drivers/freemaster_serial_lpuart.c:183:13:_FMSTR_SerialLpuartEnableTransmitCompleteInterrupt	8	static
../freemaster/drivers/freemaster_serial_lpuart.c:165:13:_FMSTR_SerialLpuartEnableTransmitInterrupt	8	static
../freemaster/drivers/freemaster_serial_lpuart.c:291:6:FMSTR_SerialSetBaseAddress	0	static
../freemaster/drivers/freemaster_serial_lpuart.c:309:6:FMSTR_SerialIsr	0	static
