../touch/source/modules/nt_module_tsi.c:416:16:_nt_get_tsi_mode	8	static
../touch/source/modules/nt_module_tsi.c:550:16:_nt_module_tsi_noise_rom_check	0	static
e:\codedzb\mcuxpressoide_11.9.0_2144\workspace\funpack_lwip_peripherals\touch\source\modules\nt_modules_prv.h:186:20:_nt_module_set_flag	32	static
../touch/source/modules/nt_module_tsi.c:520:16:_nt_module_tsi_save_configuration	88	static
../touch/source/modules/nt_module_tsi.c:492:16:_nt_module_tsi_load_configuration	96	static
../touch/source/modules/nt_module_tsi.c:387:16:_nt_update_electrodes_for_noise	128	static
../touch/source/modules/nt_module_tsi.c:369:16:_nt_module_tsi_electrode_disable	8	static
../touch/source/modules/nt_module_tsi.c:351:16:_nt_module_tsi_electrode_enable	8	static
../touch/source/modules/nt_module_tsi.c:441:16:_nt_module_tsi_change_mode	32	static
../touch/source/modules/nt_module_tsi.c:313:16:_nt_module_tsi_module_recalibrate	40	static
../touch/source/modules/nt_module_tsi.c:584:13:_nt_module_tsi_noise_measure	32	static
../touch/source/modules/nt_module_tsi.c:221:13:_nt_module_tsi_measure	16	static
../touch/source/modules/nt_module_tsi.c:603:16:_nt_module_tsi_noise_process	32	static
../touch/source/modules/nt_module_tsi.c:242:16:_nt_module_tsi_noise_get_max	24	static
../touch/source/modules/nt_module_tsi.c:266:16:_nt_module_tsi_process	24	static
../touch/source/modules/nt_module_tsi.c:148:16:_nt_module_tsi_trigger	16	static
../touch/source/modules/nt_module_tsi.c:564:16:_nt_module_tsi_noise_init	24	static
../touch/source/modules/nt_module_tsi.c:71:16:_nt_module_tsi_init	32	static
../touch/source/modules/nt_module_tsi.c:655:13:_nt_module_tsi_driver_callback	24	static
