../lwip/port/enet_ethernetif_lpc.c:567:13:ethernetif_tx_release	8	static
../lwip/port/enet_ethernetif_lpc.c:223:13:ethernet_callback	16	static
../lwip/port/enet_ethernetif_lpc.c:398:20:ethernetif_release_rx_wrapper	16	static
../lwip/port/enet_ethernetif_lpc.c:589:13:ethernetif_rx_release	8	static
../lwip/port/enet_ethernetif_lpc.c:416:13:ethernetif_rx_free	24	static
../lwip/port/enet_ethernetif_lpc.c:362:14:ethernetif_rx_alloc	16	static
../lwip/port/enet_ethernetif_lpc.c:597:21:ethernetif_rx_frame_to_pbufs	48	static
../lwip/port/enet_ethernetif_lpc.c:435:6:ethernetif_plat_init	96	static
../lwip/port/enet_ethernetif_lpc.c:516:15:ethernetif_get_phy	0	static
../lwip/port/enet_ethernetif_lpc.c:522:19:ethernetif_get_int_gpio_hdl	0	static
../lwip/port/enet_ethernetif_lpc.c:528:13:ethernetif_get_link_speed	0	static
../lwip/port/enet_ethernetif_lpc.c:534:14:ethernetif_get_link_duplex	0	static
../lwip/port/enet_ethernetif_lpc.c:540:6:ethernetif_on_link_up	8	static
../lwip/port/enet_ethernetif_lpc.c:553:6:ethernetif_on_link_down	0	static
../lwip/port/enet_ethernetif_lpc.c:559:8:ethernetif_base_ptr	0	static
../lwip/port/enet_ethernetif_lpc.c:699:14:ethernetif_linkinput	64	static
../lwip/port/enet_ethernetif_lpc.c:748:7:ethernetif_linkoutput	128	static
../lwip/port/enet_ethernetif_lpc.c:942:7:ethernetif0_init	16	static
