../component/uart/fsl_adapter_lpuart.c:262:26:HAL_UartGetStatus	0	static
../component/uart/fsl_adapter_lpuart.c:642:26:HAL_UartInitCommon	48	static
../component/uart/fsl_adapter_lpuart.c:694:19:HAL_UartInit	16	static
../component/uart/fsl_adapter_lpuart.c:753:19:HAL_UartDeinit	8	static
../component/uart/fsl_adapter_lpuart.c:774:19:HAL_UartReceiveBlocking	8	static
../component/uart/fsl_adapter_lpuart.c:789:19:HAL_UartSendBlocking	8	static
../component/uart/fsl_adapter_lpuart.c:804:19:HAL_UartEnterLowpower	8	static
../component/uart/fsl_adapter_lpuart.c:811:19:HAL_UartExitLowpower	0	static
