../utilities/fsl_str.c:75:16:PrintGetSignChar	0	static
../utilities/fsl_str.c:102:17:PrintGetWidth	4	static
../utilities/fsl_str.c:131:17:PrintGetPrecision	16	static
../utilities/fsl_str.c:188:17:PrintIsobpu	0	static
../utilities/fsl_str.c:198:17:PrintIsdi	0	static
../utilities/fsl_str.c:208:13:PrintOutputdifFobpu	40	static
../utilities/fsl_str.c:261:13:PrintOutputxX	48	static
../utilities/fsl_str.c:322:17:PrintIsfF	0	static
../utilities/fsl_str.c:332:17:PrintIsxX	0	static
../utilities/fsl_str.c:343:17:PrintCheckFlags	8	static
../utilities/fsl_str.c:384:17:PrintGetLengthFlag	0	static
../utilities/fsl_str.c:455:16:PrintGetRadixFromobpu	0	static
../utilities/fsl_str.c:478:17:ScanIsWhiteSpace	0	static
../utilities/fsl_str.c:488:17:ScanIgnoreWhiteSpace	16	static
../utilities/fsl_str.c:503:16:ConvertRadixNumToString	32	static
../utilities/fsl_str.c:1060:16:StrFormatScanIsFormatStarting	0	static
../utilities/fsl_str.c:1079:16:StrFormatScanGetBase	0	static
../utilities/fsl_str.c:1102:16:StrFormatScanCheckSymbol	0	static
../utilities/fsl_str.c:1123:16:StrFormatScanFillInteger	0	static
../utilities/fsl_str.c:1224:16:StrFormatScanfStringHandling	32	static
../utilities/fsl_str.c:768:5:StrFormatPrintf	128	static
../utilities/fsl_str.c:1393:5:StrFormatScanf	64	static
