../freemaster/freemaster_utils.c:136:19:_FMSTR_CopyMaskedDstAligned_U32	0	static
../freemaster/freemaster_utils.c:188:19:_FMSTR_CopyMaskedDstAligned_U16	0	static
../freemaster/freemaster_utils.c:206:13:_FMSTR_MemCpyDstAligned	4	static
../freemaster/freemaster_utils.c:273:13:_FMSTR_MemCpySrcAligned	0	static
../freemaster/freemaster_utils.c:340:13:_FMSTR_MemCpyMaskedDstAligned	24	static
../freemaster/freemaster_utils.c:439:17:FMSTR_MemCpyFrom	8	static
../freemaster/freemaster_utils.c:492:17:FMSTR_MemCpyTo	8	static
../freemaster/freemaster_utils.c:424:6:_FMSTR_MemCpy	8	static
../freemaster/freemaster_utils.c:545:17:FMSTR_MemCpyToMasked	24	static
../freemaster/freemaster_utils.c:608:23:FMSTR_CopyToBuffer	16	static
../freemaster/freemaster_utils.c:626:23:FMSTR_CopyFromBuffer	16	static
../freemaster/freemaster_utils.c:644:17:FMSTR_CopyFromBufferWithMask	8	static
../freemaster/freemaster_utils.c:732:12:FMSTR_ValueFromBuffer16BE	0	static
../freemaster/freemaster_utils.c:744:12:FMSTR_ValueToBuffer16BE	0	static
../freemaster/freemaster_utils.c:759:23:FMSTR_GetAlignmentCorrection	8	static
../freemaster/freemaster_utils.c:871:12:FMSTR_UlebEncode	8	static
../freemaster/freemaster_utils.c:655:23:FMSTR_AddressToBuffer	16	static
../freemaster/freemaster_utils.c:677:23:FMSTR_SizeToBuffer	16	static
../freemaster/freemaster_utils.c:710:12:FMSTR_ULebToBuffer	16	static
../freemaster/freemaster_utils.c:977:12:FMSTR_SkipInBufferLeb	0	static
../freemaster/freemaster_utils.c:994:12:FMSTR_StringFromBuffer	0	static
../freemaster/freemaster_utils.c:1018:12:FMSTR_StringCopyToBuffer	0	static
../freemaster/freemaster_utils.c:1035:6:FMSTR_Crc16Init	0	static
../freemaster/freemaster_utils.c:1046:6:FMSTR_Crc16AddByte	0	static
../freemaster/freemaster_utils.c:1070:6:FMSTR_Crc8Init	0	static
../freemaster/freemaster_utils.c:1081:6:FMSTR_Crc8AddByte	0	static
../freemaster/freemaster_utils.c:1105:12:FMSTR_RandomNumbersToBuffer	8	static
../freemaster/freemaster_utils.c:1153:6:FMSTR_Randomize	8	static
../freemaster/freemaster_utils.c:1198:6:_FMSTR_RingBuffPut	8	static
../freemaster/freemaster_utils.c:1226:12:_FMSTR_RingBuffGet	8	static
../freemaster/freemaster_utils.c:1255:12:_FMSTR_RingBuffIsSpace	8	static
../freemaster/freemaster_utils.c:1278:12:_FMSTR_RingBuffHasData	8	static
../freemaster/freemaster_utils.c:1316:13:_FMSTR_StrCmp	8	static
../freemaster/freemaster_utils.c:1346:13:_FMSTR_MemCmp	8	static
../freemaster/freemaster_utils.c:1375:12:_FMSTR_StrLen	0	static
../freemaster/freemaster_utils.c:1388:6:_FMSTR_MemSet	0	static
../freemaster/freemaster_utils.c:786:19:FMSTR_LebDecode	24	static
../freemaster/freemaster_utils.c:850:12:FMSTR_UlebDecode	8	static
../freemaster/freemaster_utils.c:666:23:FMSTR_AddressFromBuffer	8	static
../freemaster/freemaster_utils.c:688:23:FMSTR_SizeFromBuffer	8	static
../freemaster/freemaster_utils.c:721:12:FMSTR_ULebFromBuffer	8	static
../freemaster/freemaster_utils.c:855:12:FMSTR_SlebDecode	8	static
../freemaster/freemaster_utils.c:699:23:FMSTR_IndexFromBuffer	8	static
../freemaster/freemaster_utils.c:1179:6:_FMSTR_RingBuffCreate	16	static
../freemaster/freemaster_utils.c:1397:11:_FMSTR_Rand	8	static
../freemaster/freemaster_utils.c:1404:6:FMSTR_MemCpySrcAligned_8	0	static
../freemaster/freemaster_utils.c:1412:6:FMSTR_MemCpySrcAligned_16	0	static
../freemaster/freemaster_utils.c:1420:6:FMSTR_MemCpySrcAligned_32	0	static
../freemaster/freemaster_utils.c:1428:6:FMSTR_MemCpySrcAligned_64	0	static
