../freemaster/freemaster_appcmd.c:277:20:FMSTR_FindAppCmdCallIndex	0	static
../freemaster/freemaster_appcmd.c:56:12:FMSTR_InitAppCmds	0	static
../freemaster/freemaster_appcmd.c:86:12:FMSTR_StoreAppCmd	16	static
../freemaster/freemaster_appcmd.c:159:12:FMSTR_GetAppCmdStatus	16	static
../freemaster/freemaster_appcmd.c:211:12:FMSTR_GetAppCmdRespData	24	static
../freemaster/freemaster_appcmd.c:306:6:FMSTR_AppCmdAck	0	static
../freemaster/freemaster_appcmd.c:324:6:FMSTR_AppCmdSetResponseData	8	static
../freemaster/freemaster_appcmd.c:359:19:FMSTR_GetAppCmd	8	static
../freemaster/freemaster_appcmd.c:383:20:FMSTR_GetAppCmdData	8	static
../freemaster/freemaster_appcmd.c:420:12:FMSTR_RegisterAppCmdCall	16	static
