../touch/source/electrodes/nt_electrodes.c:16:24:nt_electrode_get_module_data	24	static
../touch/source/electrodes/nt_electrodes.c:41:9:_nt_electrode_get_index_from_module	32	static
../touch/source/electrodes/nt_electrodes.c:62:27:_nt_electrode_get_data	40	static
../touch/source/electrodes/nt_electrodes.c:87:27:nt_electrode_get_data	8	static
../touch/source/electrodes/nt_electrodes.c:93:10:_nt_electrode_shielding_process	40	static
../touch/source/electrodes/nt_electrodes.c:172:10:_nt_electrode_normalization_process	32	static
../touch/source/electrodes/nt_electrodes.c:211:10:_nt_electrode_delta_normalization_process	32	static
../touch/source/electrodes/nt_electrodes.c:286:9:nt_electrode_enable	40	static
../touch/source/electrodes/nt_electrodes.c:301:9:nt_electrode_resume	32	static
../touch/source/electrodes/nt_electrodes.c:315:9:nt_electrode_disable	32	static
../touch/source/electrodes/nt_electrodes.c:330:9:nt_electrode_suspend	8	static
../touch/source/electrodes/nt_electrodes.c:335:9:nt_electrode_reset	32	static
../touch/source/electrodes/nt_electrodes.c:346:10:nt_electrode_is_enabled	24	static
../touch/source/electrodes/nt_electrodes.c:426:10:_nt_electrode_get_signal	24	static
../touch/source/electrodes/nt_electrodes.c:355:10:nt_electrode_get_signal	24	static
../touch/source/electrodes/nt_electrodes.c:432:28:_nt_electrode_get_shield	24	static
../touch/source/electrodes/nt_electrodes.c:440:6:_nt_electrode_set_signal	32	static
../touch/source/electrodes/nt_electrodes.c:447:6:_nt_electrode_set_raw_signal	32	static
../touch/source/electrodes/nt_electrodes.c:453:6:_nt_electrode_set_delta	32	static
../touch/source/electrodes/nt_electrodes.c:459:6:_nt_electrode_set_delta_red	32	static
../touch/source/electrodes/nt_electrodes.c:466:10:_nt_electrode_get_raw_signal	24	static
../touch/source/electrodes/nt_electrodes.c:416:10:nt_electrode_get_raw_signal	24	static
../touch/source/electrodes/nt_electrodes.c:473:6:_nt_electrode_set_status	32	static
../touch/source/electrodes/nt_electrodes.c:238:27:_nt_electrode_init	32	static
../touch/source/electrodes/nt_electrodes.c:488:9:_nt_electrode_get_status	32	static
../touch/source/electrodes/nt_electrodes.c:501:9:_nt_electrode_get_last_status	24	static
../touch/source/electrodes/nt_electrodes.c:385:9:nt_electrode_get_last_status	24	static
../touch/source/electrodes/nt_electrodes.c:507:9:_nt_electrode_get_delta_red	24	static
../touch/source/electrodes/nt_electrodes.c:375:10:nt_electrode_get_delta_red	24	static
../touch/source/electrodes/nt_electrodes.c:513:9:_nt_electrode_get_delta	24	static
../touch/source/electrodes/nt_electrodes.c:365:10:nt_electrode_get_delta	24	static
../touch/source/electrodes/nt_electrodes.c:519:10:_nt_electrode_get_time_stamp	32	static
../touch/source/electrodes/nt_electrodes.c:532:10:_nt_electrode_get_last_time_stamp	24	static
../touch/source/electrodes/nt_electrodes.c:405:10:nt_electrode_get_last_time_stamp	24	static
../touch/source/electrodes/nt_electrodes.c:538:10:_nt_electrode_get_time_offset	24	static
../touch/source/electrodes/nt_electrodes.c:395:10:nt_electrode_get_time_offset	24	static
../touch/source/electrodes/nt_electrodes.c:544:10:_nt_electrode_get_time_offset_period	32	static
../touch/source/electrodes/nt_electrodes.c:559:10:_nt_electrode_is_touched	24	static
