E:\codeDZB\MCUXpressoIDE_11.9.0_2144\workspace\funpack_lwip_peripherals\drivers/fsl_tsi_v6.h:871:20:TSI_SetSelfCapMeasuredChannel	8	static
../touch/source/drivers/tsi/nt_drv_tsi_v6_driver_specific.c:60:6:NT_TSI_DRV_InitSpecific	8	static
../touch/source/drivers/tsi/nt_drv_tsi_v6_driver_specific.c:81:14:NT_TSI_DRV_EnableElectrode	40	static
../touch/source/drivers/tsi/nt_drv_tsi_v6_driver_specific.c:144:14:NT_TSI_DRV_Measure	48	static
../touch/source/drivers/tsi/nt_drv_tsi_v6_driver_specific.c:291:14:NT_TSI_DRV_ChangeMode	32	static
../touch/source/drivers/tsi/nt_drv_tsi_v6_driver_specific.c:248:14:NT_TSI_DRV_EnableLowPower	32	static
../touch/source/drivers/tsi/nt_drv_tsi_v6_driver_specific.c:332:14:NT_TSI_DRV_LoadConfiguration	40	static
../touch/source/drivers/tsi/nt_drv_tsi_v6_driver_specific.c:381:6:TSI_DRV_IRQHandler	48	static
../touch/source/drivers/tsi/nt_drv_tsi_v6_driver_specific.c:496:14:NT_TSI_DRV_Recalibrate	24	static
