e:\codedzb\mcuxpressoide_11.9.0_2144\workspace\funpack_lwip_peripherals\touch\source\controls\nt_controls_prv.h:258:24:_nt_control_get_flag	32	static
../touch/source/controls/nt_control_keypad.c:141:13:_nt_control_keypad_invoke_callback	40	static
../touch/source/controls/nt_control_keypad.c:174:13:_nt_control_keypad_key_release	32	static
../touch/source/controls/nt_control_keypad.c:154:13:_nt_control_keypad_key_press	32	static
../touch/source/controls/nt_control_keypad.c:203:13:_nt_control_keypad_decode_groups	40	static
../touch/source/controls/nt_control_keypad.c:235:13:_nt_control_keypad_decode_simple	24	static
../touch/source/controls/nt_control_keypad.c:257:13:_nt_control_keypad_autorepeat	32	static
../touch/source/controls/nt_control_keypad.c:310:16:_nt_control_keypad_process	48	static
../touch/source/controls/nt_control_keypad.c:275:16:_nt_control_keypad_init	24	static
../touch/source/controls/nt_control_keypad.c:43:6:nt_control_keypad_only_one_key_valid	40	static
../touch/source/controls/nt_control_keypad.c:83:6:nt_control_keypad_register_callback	32	static
../touch/source/controls/nt_control_keypad.c:97:6:nt_control_keypad_set_autorepeat_rate	32	static
../touch/source/controls/nt_control_keypad.c:113:10:nt_control_keypad_get_autorepeat_rate	24	static
../touch/source/controls/nt_control_keypad.c:127:10:nt_control_keypad_is_button_touched	32	static
