../touch/source/controls/nt_controls.c:26:25:_nt_control_get_data	32	static
../touch/source/controls/nt_controls.c:45:9:_nt_control_check_data	0	static
../touch/source/controls/nt_controls.c:172:6:nt_control_enable	24	static
../touch/source/controls/nt_controls.c:182:6:nt_control_disable	24	static
../touch/source/controls/nt_controls.c:192:9:nt_control_get_touch_button	32	static
../touch/source/controls/nt_controls.c:210:10:_nt_control_get_electrodes_state	40	static
../touch/source/controls/nt_controls.c:225:10:_nt_control_get_electrodes_digital_state	24	static
../touch/source/controls/nt_controls.c:244:10:nt_control_get_electrodes_state	24	static
../touch/source/controls/nt_controls.c:254:6:_nt_control_set_flag_all_elec	32	static
../touch/source/controls/nt_controls.c:266:6:_nt_control_clear_flag_all_elec	32	static
../touch/source/controls/nt_controls.c:277:9:_nt_control_check_neighbours_electrodes	0	static
../touch/source/controls/nt_controls.c:305:9:_nt_control_check_edge_electrodes	0	static
../touch/source/controls/nt_controls.c:317:10:nt_control_count_electrodes	24	static
../touch/source/controls/nt_controls.c:74:25:_nt_control_init	40	static
../touch/source/controls/nt_controls.c:330:28:nt_control_get_electrode	32	static
../touch/source/controls/nt_controls.c:346:10:_nt_control_get_first_elec_touched	32	static
../touch/source/controls/nt_controls.c:358:10:_nt_control_get_last_elec_touched	32	static
../touch/source/controls/nt_controls.c:370:10:_nt_control_get_touch_count	0	static
