e:\codedzb\mcuxpressoide_11.9.0_2144\workspace\frdmmcxn947_lwip_ping_freertos\touch\source\controls\nt_controls_prv.h:258:24:_nt_control_get_flag	32	static
e:\codedzb\mcuxpressoide_11.9.0_2144\workspace\frdmmcxn947_lwip_ping_freertos\touch\source\controls\nt_controls_prv.h:273:23:_nt_control_overrun	8	static
../touch/source/system/nt_system.c:29:9:_nt_system_check_data	0	static
../touch/source/system/nt_system.c:47:10:_nt_system_count_pointer_array	0	static
../touch/source/system/nt_system.c:65:10:_nt_system_count_xtalk_electrodes	0	static
../touch/source/system/nt_system.c:77:9:_nt_system_init	32	static
../touch/source/system/nt_system.c:128:19:_nt_system_get	0	static
../touch/source/system/nt_system.c:134:6:_nt_system_increment_time_counter	0	static
../touch/source/system/nt_system.c:140:10:_nt_system_get_time_period	0	static
../touch/source/system/nt_system.c:147:10:_nt_system_get_safety_period	0	static
../touch/source/system/nt_system.c:182:10:nt_system_get_time_counter	0	static
../touch/source/system/nt_system.c:154:10:nt_system_get_time_offset	8	static
../touch/source/system/nt_system.c:168:10:_nt_system_get_time_offset_from_period	16	static
../touch/source/system/nt_system.c:188:9:_nt_system_process_xtalk	8	static
../touch/source/system/nt_system.c:202:9:_nt_system_module_function	24	static
../touch/source/system/nt_system.c:299:9:_nt_system_control_function	24	static
../touch/source/system/nt_system.c:351:6:_nt_system_invoke_callback	16	static
../touch/source/system/nt_system.c:398:6:nt_system_register_callback	0	static
../touch/source/system/nt_system.c:403:6:nt_error_register_callback	0	static
../touch/source/system/nt_system.c:412:6:_nt_system_modules_data_ready	16	static
../touch/source/system/nt_system.c:432:25:_nt_system_get_module	0	static
