E:\codeDZB\MCUXpressoIDE_11.9.0_2144\workspace\funpack_lwip_peripherals\CMSIS/core_cm33.h:2378:22:__NVIC_EnableIRQ	0	static
../drivers/fsl_clock.h:1389:20:CLOCK_EnableClock	0	static
../drivers/fsl_clock.h:1418:20:CLOCK_DisableClock	0	static
../drivers/fsl_i3c.c:1021:17:I3C_CalcErrorRatio	0	static
../drivers/fsl_i3c.c:1693:13:I3C_MasterClearFlagsAndEnableIRQ	0	static
../drivers/fsl_i3c.c:1711:13:I3C_MasterTransferNoStartFlag	8	static
../drivers/fsl_i3c.c:2198:13:I3C_TransferStateMachineWaitForCompletionState	0	static
../drivers/fsl_i3c.c:3217:13:I3C_SlaveTransferHandleBusStart	0	static
../drivers/fsl_i3c.c:3225:13:I3C_SlaveTransferHandleEventSent	8	static
../drivers/fsl_i3c.c:3234:13:I3C_SlaveTransferHandleReceivedCCC	8	static
../drivers/fsl_i3c.c:3441:13:I3C_CommonIRQHandler	16	static
../drivers/fsl_i3c.c:2051:13:I3C_TransferStateMachineSendCommandState	8	static
../drivers/fsl_i3c.c:2134:13:I3C_TransferStateMachineTransferDataState	8	static
../drivers/fsl_i3c.c:3278:13:I3C_SlaveTransferHandleMatched	8	static
../drivers/fsl_i3c.c:3289:13:I3C_SlaveTransferHandleTxReady	16	static
../drivers/fsl_i3c.c:3338:13:I3C_SlaveTransferHandleRxReady	16	static
../drivers/fsl_i3c.c:3244:13:I3C_SlaveTransferHandleBusStop	16	static
../drivers/fsl_i3c.c:328:10:I3C_GetInstance	8	static
../drivers/fsl_i3c.c:361:10:I3C_MasterCheckAndClearError	8	static
../drivers/fsl_i3c.c:478:17:I3C_MasterWaitForTxReady	24	static
../drivers/fsl_i3c.c:576:10:I3C_SlaveCheckAndClearError	8	static
../drivers/fsl_i3c.c:652:17:I3C_SlaveWaitForTxReady	16	static
../drivers/fsl_i3c.c:3190:13:I3C_SlaveTransferHandleGetStatusFlags	16	static
../drivers/fsl_i3c.c:3375:6:I3C_SlaveTransferHandleIRQ	40	static
../drivers/fsl_i3c.c:717:16:I3C_GetIBIType	0	static
../drivers/fsl_i3c.c:2005:13:I3C_TransferStateMachineIBIWonState	24	static
../drivers/fsl_i3c.c:748:10:I3C_CheckForBusyBus	0	static
../drivers/fsl_i3c.c:756:6:I3C_GetDefaultConfig	8	static
../drivers/fsl_i3c.c:905:6:I3C_MasterGetDefaultConfig	0	static
../drivers/fsl_i3c.c:956:20:I3C_MasterGetState	0	static
../drivers/fsl_i3c.c:434:10:I3C_MasterWaitForCtrlDone	24	static
../drivers/fsl_i3c.c:690:17:I3C_MasterEmitStop	16	static
../drivers/fsl_i3c.c:516:17:I3C_MasterWaitForComplete	24	static
../drivers/fsl_i3c.c:1003:6:I3C_MasterDeinit	8	static
../drivers/fsl_i3c.c:1043:6:I3C_MasterSetBaudRate	48	static
../drivers/fsl_i3c.c:796:6:I3C_Init	24	static
../drivers/fsl_i3c.c:929:6:I3C_MasterInit	24	static
../drivers/fsl_i3c.c:1206:10:I3C_MasterRepeatedStartWithRxSize	8	static
../drivers/fsl_i3c.c:1144:10:I3C_MasterStartWithRxSize	32	static
../drivers/fsl_i3c.c:1173:10:I3C_MasterStart	32	static
../drivers/fsl_i3c.c:2106:13:I3C_TransferStateMachineWaitRepeatedStartCompleteState	16	static
../drivers/fsl_i3c.c:1253:10:I3C_MasterStop	8	static
../drivers/fsl_i3c.c:1264:6:I3C_MasterEmitRequest	0	static
../drivers/fsl_i3c.c:2212:13:I3C_TransferStateMachineStopState	8	static
../drivers/fsl_i3c.c:2237:17:I3C_RunTransferStateMachine	48	static
../drivers/fsl_i3c.c:2596:6:I3C_MasterTransferHandleIRQ	32	static
../drivers/fsl_i3c.c:2337:17:I3C_InitTransferStateMachine	32	static
../drivers/fsl_i3c.c:1286:6:I3C_MasterRegisterIBI	8	static
../drivers/fsl_i3c.c:1312:6:I3C_MasterGetIBIRules	8	static
../drivers/fsl_i3c.c:1341:10:I3C_MasterReceive	32	static
../drivers/fsl_i3c.c:1455:10:I3C_MasterSend	32	static
../drivers/fsl_i3c.c:1537:10:I3C_MasterProcessDAASpecifiedBaudrate	88	static
../drivers/fsl_i3c.c:1677:20:I3C_MasterGetDeviceListAfterDAA	8	static
../drivers/fsl_i3c.c:1745:10:I3C_MasterTransferBlocking	40	static
../drivers/fsl_i3c.c:1965:6:I3C_MasterTransferCreateHandle	24	static
../drivers/fsl_i3c.c:2436:10:I3C_MasterTransferNonBlocking	16	static
../drivers/fsl_i3c.c:2509:10:I3C_MasterTransferGetCount	16	static
../drivers/fsl_i3c.c:2571:6:I3C_MasterTransferAbort	8	static
../drivers/fsl_i3c.c:2660:6:I3C_SlaveGetDefaultConfig	8	static
../drivers/fsl_i3c.c:2793:6:I3C_SlaveDeinit	8	static
../drivers/fsl_i3c.c:2817:28:I3C_SlaveGetActivityState	0	static
../drivers/fsl_i3c.c:2851:6:I3C_SlaveRequestEvent	0	static
../drivers/fsl_i3c.c:2701:6:I3C_SlaveInit	24	static
../drivers/fsl_i3c.c:2869:6:I3C_SlaveRequestIBIWithSingleData	0	static
../drivers/fsl_i3c.c:2886:6:I3C_SlaveRequestIBIWithData	8	static
../drivers/fsl_i3c.c:2947:10:I3C_SlaveSend	16	static
../drivers/fsl_i3c.c:2986:10:I3C_SlaveReceive	16	static
../drivers/fsl_i3c.c:3047:6:I3C_SlaveTransferCreateHandle	24	static
../drivers/fsl_i3c.c:3105:10:I3C_SlaveTransferNonBlocking	16	static
../drivers/fsl_i3c.c:3142:10:I3C_SlaveTransferGetCount	8	static
../drivers/fsl_i3c.c:3172:6:I3C_SlaveTransferAbort	8	static
../drivers/fsl_i3c.c:3471:6:I3C0_DriverIRQHandler	8	static
../drivers/fsl_i3c.c:3480:6:I3C1_DriverIRQHandler	8	static
