E:\codeDZB\MCUXpressoIDE_11.9.0_2144\workspace\funpack_lwip_peripherals\CMSIS/core_cm33.h:2378:22:__NVIC_EnableIRQ	0	static
E:\codeDZB\MCUXpressoIDE_11.9.0_2144\workspace\funpack_lwip_peripherals\CMSIS/core_cm33.h:2416:22:__NVIC_DisableIRQ	0	static
../drivers/fsl_clock.h:1389:20:CLOCK_EnableClock	0	static
../drivers/fsl_clock.h:1418:20:CLOCK_DisableClock	0	static
../drivers/fsl_enet.c:166:17:ENET_IncreaseIndex	0	static
../drivers/fsl_enet.c:177:13:ENET_SetSYSControl	0	static
../drivers/fsl_enet.c:318:17:ENET_TxDescriptorsInit	0	static
../drivers/fsl_enet.c:357:17:ENET_RxDescriptorsInit	16	static
../drivers/fsl_enet.c:1044:17:ENET_QOS_MDIOWaitTransferOver	0	static
../drivers/fsl_enet.c:2144:13:ENET_ConfigTxDescriptor	4	static
../drivers/fsl_enet.c:195:13:ENET_SetDMAControl	16	static
../drivers/fsl_enet.c:228:13:ENET_SetMTL	8	static
../drivers/fsl_enet.h:872:20:ENET_SetMacAddr	8	static
../drivers/fsl_enet.c:273:13:ENET_SetMacControl	16	static
../drivers/fsl_enet.c:500:10:ENET_GetInstance	8	static
../drivers/fsl_enet.c:532:6:ENET_GetDefaultConfig	8	static
../drivers/fsl_enet.c:611:6:ENET_Deinit	8	static
../drivers/fsl_enet.c:636:10:ENET_DescriptorInit	24	static
../drivers/fsl_enet.c:678:6:ENET_StartRxTx	8	static
../drivers/fsl_enet.c:713:6:ENET_SetISRHandler	8	static
../drivers/fsl_enet.c:733:6:ENET_EnableInterrupts	4	static
../drivers/fsl_enet.c:575:6:ENET_Init	24	static
../drivers/fsl_enet.c:778:6:ENET_ClearMacInterruptStatus	8	static
../drivers/fsl_enet.c:811:6:ENET_DisableInterrupts	8	static
../drivers/fsl_enet.c:857:6:ENET_CreateHandler	48	static
../drivers/fsl_enet.c:948:6:ENET_GetMacAddr	8	static
../drivers/fsl_enet.c:971:6:ENET_SetSMI	8	static
../drivers/fsl_enet.c:1015:6:ENET_StartSMIWrite	4	static
../drivers/fsl_enet.c:1034:6:ENET_StartSMIRead	0	static
../drivers/fsl_enet.c:1082:10:ENET_MDIOWrite	8	static
../drivers/fsl_enet.c:1099:10:ENET_MDIORead	16	static
../drivers/fsl_enet.c:1128:6:ENET_EnterPowerDown	0	static
../drivers/fsl_enet.c:1161:10:ENET_SetVlanCtrl	0	static
../drivers/fsl_enet.c:1193:10:ENET_SetTxOuterVlan	12	static
../drivers/fsl_enet.c:1240:10:ENET_SetTxInnerVlan	12	static
../drivers/fsl_enet.c:1283:10:ENET_GetRxFrameSize	24	static
../drivers/fsl_enet.c:1518:6:ENET_UpdateRxDescriptor	8	static
../drivers/fsl_enet.c:1694:13:ENET_DropFrame	40	static
../drivers/fsl_enet.c:1359:10:ENET_ReadFrame	72	static
../drivers/fsl_enet.c:1645:6:ENET_RxBufferFreeAll	40	static
../drivers/fsl_enet.c:1565:10:ENET_RxBufferAllocAll	48	static
../drivers/fsl_enet.c:1778:10:ENET_GetRxFrame	80	static
../drivers/fsl_enet.c:2085:6:ENET_SetupTxDescriptor	20	static
../drivers/fsl_enet.c:2194:6:ENET_ReclaimTxDescriptor	32	static
../drivers/fsl_enet.c:2487:6:ENET_IRQHandler	32	static
../drivers/fsl_enet.c:2264:10:ENET_SendFrame	80	static
../drivers/fsl_enet.c:2545:6:ETHERNET_DriverIRQHandler	8	static
