E:\codeDZB\MCUXpressoIDE_11.9.0_2144\workspace\funpack_lwip_peripherals\drivers/fsl_clock.h:1389:20:CLOCK_EnableClock	0	static
../source/lwip_ping_freertos.c:423:13:i3c_master_callback	0	static
../source/lwip_ping_freertos.c:1254:13:aslider_callback	0	static
../source/lwip_ping_freertos.c:1333:13:arotary_callback	0	static
../source/lwip_ping_freertos.c:1448:6:system_callback	8	static
../source/lwip_ping_freertos.c:361:13:client	56	static
../source/lwip_ping_freertos.c:433:10:I3C_WriteSensor	40	static
../source/lwip_ping_freertos.c:474:10:I3C_ReadSensor	40	static
../source/lwip_ping_freertos.c:1053:13:pwm_task	40	static
../source/lwip_ping_freertos.c:916:13:rgb_led_task	32	static
../source/lwip_ping_freertos.c:1028:13:p3t1755_task	48	static
../source/lwip_ping_freertos.c:1005:13:SW_task	40	static
../source/lwip_ping_freertos.c:1164:13:keypad_callback	40	static
../source/lwip_ping_freertos.c:984:13:touch_pad_task	8	static
../source/lwip_ping_freertos.c:339:17:MDIO_Write	8	static
../source/lwip_ping_freertos.c:344:17:MDIO_Read	8	static
../source/lwip_ping_freertos.c:1125:13:CTIMERInit	16	static
../source/lwip_ping_freertos.c:333:13:MDIO_Init	8	static
../source/lwip_ping_freertos.c:852:13:log_task	32	static
../source/lwip_ping_freertos.c:284:13:PWM_DRV_Init3PhPwm	56	static
../source/lwip_ping_freertos.c:90:1:FMSTR_TsaGetTable	8	static
../source/lwip_ping_freertos.c:349:6:substring	24	static
../source/lwip_ping_freertos.c:418:6:client_init	16	static
../source/lwip_ping_freertos.c:564:13:stack_init	80	static
../source/lwip_ping_freertos.c:515:10:p3t1755_set_dynamic_address	40	static
../source/lwip_ping_freertos.c:825:6:log_add	8	static
../source/lwip_ping_freertos.c:833:6:log_init	16	static
../source/lwip_ping_freertos.c:1103:6:CTIMER0_IRQHandler	8	static
../source/lwip_ping_freertos.c:1116:6:TSI_END_OF_SCAN_DriverIRQHandler	8	static
../source/lwip_ping_freertos.c:1120:6:TSI_OUT_OF_SCAN_DriverIRQHandler	8	static
../source/lwip_ping_freertos.c:1472:6:buttom_init	16	static
../source/lwip_ping_freertos.c:867:13:hello_task	16	static
../source/lwip_ping_freertos.c:1502:6:P3T1755_I3C_Init	48	static
../source/lwip_ping_freertos.c:1536:6:PWM_Init_all	32	static
../source/lwip_ping_freertos.c:666:5:main	24	static
