E:\codeDZB\MCUXpressoIDE_11.9.0_2144\workspace\frdmmcxn947_lwip_ping_freertos\drivers/fsl_clock.h:1389:20:CLOCK_EnableClock	0	static
../source/lwip_ping_freertos.c:361:13:i3c_master_callback	0	static
../source/lwip_ping_freertos.c:1135:13:aslider_callback	0	static
../source/lwip_ping_freertos.c:1214:13:arotary_callback	0	static
../source/lwip_ping_freertos.c:1329:6:system_callback	8	static
../source/lwip_ping_freertos.c:299:13:client	56	static
../source/lwip_ping_freertos.c:371:10:I3C_WriteSensor	40	static
../source/lwip_ping_freertos.c:412:10:I3C_ReadSensor	40	static
../source/lwip_ping_freertos.c:1045:13:keypad_callback	40	static
../source/lwip_ping_freertos.c:958:13:p3t1755_task	48	static
../source/lwip_ping_freertos.c:935:13:SW_task	40	static
../source/lwip_ping_freertos.c:914:13:touch_pad_task	8	static
../source/lwip_ping_freertos.c:846:13:rgb_led_task	32	static
../source/lwip_ping_freertos.c:277:17:MDIO_Write	8	static
../source/lwip_ping_freertos.c:282:17:MDIO_Read	8	static
../source/lwip_ping_freertos.c:1006:13:CTIMERInit	16	static
../source/lwip_ping_freertos.c:271:13:MDIO_Init	8	static
../source/lwip_ping_freertos.c:782:13:log_task	32	static
../source/lwip_ping_freertos.c:90:1:FMSTR_TsaGetTable	8	static
../source/lwip_ping_freertos.c:287:6:substring	24	static
../source/lwip_ping_freertos.c:356:6:client_init	16	static
../source/lwip_ping_freertos.c:502:13:stack_init	80	static
../source/lwip_ping_freertos.c:453:10:p3t1755_set_dynamic_address	40	static
../source/lwip_ping_freertos.c:755:6:log_add	8	static
../source/lwip_ping_freertos.c:763:6:log_init	16	static
../source/lwip_ping_freertos.c:984:6:CTIMER0_IRQHandler	8	static
../source/lwip_ping_freertos.c:997:6:TSI_END_OF_SCAN_DriverIRQHandler	8	static
../source/lwip_ping_freertos.c:1001:6:TSI_OUT_OF_SCAN_DriverIRQHandler	8	static
../source/lwip_ping_freertos.c:1353:6:buttom_init	16	static
../source/lwip_ping_freertos.c:797:13:hello_task	16	static
../source/lwip_ping_freertos.c:1383:6:P3T1755_I3C_Init	48	static
../source/lwip_ping_freertos.c:597:5:main	24	static
