../touch/source/filters/nt_filters.c:39:16:_nt_multiply_int32_int16	0	static
../touch/source/filters/nt_filters.c:45:16:_nt_multiply_int32	0	static
../touch/source/filters/nt_filters.c:60:16:_nt_iir_iterate	32	static
../touch/source/filters/nt_filters.c:71:16:_nt_filter_fbutt_get_coef	0	static
../touch/source/filters/nt_filters.c:24:9:nt_mult_16z	0	static
../touch/source/filters/nt_filters.c:51:10:_nt_abs_int32	0	static
../touch/source/filters/nt_filters.c:83:6:_nt_filter_fbutt_init	16	static
../touch/source/filters/nt_filters.c:91:10:_nt_filter_fbutt_process	8	static
../touch/source/filters/nt_filters.c:99:10:_nt_filter_iir_process	0	static
../touch/source/filters/nt_filters.c:105:9:_nt_filter_moving_average_init	0	static
../touch/source/filters/nt_filters.c:119:10:_nt_filter_moving_average_process	4	static
../touch/source/filters/nt_filters.c:129:10:_nt_filter_abs	0	static
../touch/source/filters/nt_filters.c:139:10:_nt_filter_pos	0	static
../touch/source/filters/nt_filters.c:149:10:_nt_filter_limit_u	0	static
../touch/source/filters/nt_filters.c:162:9:_nt_filter_range_s	0	static
../touch/source/filters/nt_filters.c:196:10:_nt_filter_deadrange_p	8	static
../touch/source/filters/nt_filters.c:206:9:_nt_filter_is_deadrange_u	0	static
../touch/source/filters/nt_filters.c:179:10:_nt_filter_deadrange_u	16	static
../touch/source/filters/nt_filters.c:219:9:_nt_smooth_process	0	static
../touch/source/filters/nt_filters.c:227:9:_nt_smooth_init	0	static
../touch/source/filters/nt_filters.c:269:9:_nt_asym_smooth_process	0	static
../touch/source/filters/nt_filters.c:293:9:_nt_asym_smooth_init	8	static
